---
http_interactions:
- request:
    method: get
    uri: https://take-home-test-api.herokuapp.com/bogative
    body:
      encoding: US-ASCII
      string: ''
    headers:
      Accept-Encoding:
      - gzip;q=1.0,deflate;q=0.6,identity;q=0.3
      Accept:
      - "*/*"
      User-Agent:
      - Ruby
      Host:
      - take-home-test-api.herokuapp.com
  response:
    status:
      code: 404
      message: Not Found
    headers:
      Server:
      - Cowboy
      Date:
      - Mon, 09 Jan 2023 17:32:38 GMT
      Connection:
      - keep-alive
      X-Cascade:
      - pass
      Content-Type:
      - text/html;charset=utf-8
      X-Xss-Protection:
      - 1; mode=block
      X-Content-Type-Options:
      - nosniff
      X-Frame-Options:
      - SAMEORIGIN
      Content-Length:
      - '18'
      Via:
      - 1.1 vegur
    body:
      encoding: UTF-8
      string: "<h1>Not Found</h1>"
  recorded_at: Mon, 09 Jan 2023 17:32:39 GMT
- request:
    method: get
    uri: https://take-home-test-api.herokuapp.com/bogative
    body:
      encoding: US-ASCII
      string: ''
    headers:
      Accept-Encoding:
      - gzip;q=1.0,deflate;q=0.6,identity;q=0.3
      Accept:
      - "*/*"
      User-Agent:
      - Ruby
      Host:
      - take-home-test-api.herokuapp.com
  response:
    status:
      code: 404
      message: Not Found
    headers:
      Server:
      - Cowboy
      Date:
      - Mon, 09 Jan 2023 17:32:40 GMT
      Connection:
      - keep-alive
      X-Cascade:
      - pass
      Content-Type:
      - text/html;charset=utf-8
      X-Xss-Protection:
      - 1; mode=block
      X-Content-Type-Options:
      - nosniff
      X-Frame-Options:
      - SAMEORIGIN
      Content-Length:
      - '18'
      Via:
      - 1.1 vegur
    body:
      encoding: UTF-8
      string: "<h1>Not Found</h1>"
  recorded_at: Mon, 09 Jan 2023 17:32:40 GMT
- request:
    method: get
    uri: https://take-home-test-api.herokuapp.com/bogative
    body:
      encoding: US-ASCII
      string: ''
    headers:
      Accept-Encoding:
      - gzip;q=1.0,deflate;q=0.6,identity;q=0.3
      Accept:
      - "*/*"
      User-Agent:
      - Ruby
      Host:
      - take-home-test-api.herokuapp.com
  response:
    status:
      code: 404
      message: Not Found
    headers:
      Server:
      - Cowboy
      Date:
      - Mon, 09 Jan 2023 17:32:40 GMT
      Connection:
      - keep-alive
      X-Cascade:
      - pass
      Content-Type:
      - text/html;charset=utf-8
      X-Xss-Protection:
      - 1; mode=block
      X-Content-Type-Options:
      - nosniff
      X-Frame-Options:
      - SAMEORIGIN
      Content-Length:
      - '18'
      Via:
      - 1.1 vegur
    body:
      encoding: UTF-8
      string: "<h1>Not Found</h1>"
  recorded_at: Mon, 09 Jan 2023 17:32:41 GMT
- request:
    method: get
    uri: https://take-home-test-api.herokuapp.com/bogative
    body:
      encoding: US-ASCII
      string: ''
    headers:
      Accept-Encoding:
      - gzip;q=1.0,deflate;q=0.6,identity;q=0.3
      Accept:
      - "*/*"
      User-Agent:
      - Ruby
      Host:
      - take-home-test-api.herokuapp.com
  response:
    status:
      code: 404
      message: Not Found
    headers:
      Server:
      - Cowboy
      Date:
      - Mon, 09 Jan 2023 17:32:42 GMT
      Connection:
      - keep-alive
      X-Cascade:
      - pass
      Content-Type:
      - text/html;charset=utf-8
      X-Xss-Protection:
      - 1; mode=block
      X-Content-Type-Options:
      - nosniff
      X-Frame-Options:
      - SAMEORIGIN
      Content-Length:
      - '18'
      Via:
      - 1.1 vegur
    body:
      encoding: UTF-8
      string: "<h1>Not Found</h1>"
  recorded_at: Mon, 09 Jan 2023 17:32:42 GMT
- request:
    method: get
    uri: https://take-home-test-api.herokuapp.com/bogative
    body:
      encoding: US-ASCII
      string: ''
    headers:
      Accept-Encoding:
      - gzip;q=1.0,deflate;q=0.6,identity;q=0.3
      Accept:
      - "*/*"
      User-Agent:
      - Ruby
      Host:
      - take-home-test-api.herokuapp.com
  response:
    status:
      code: 404
      message: Not Found
    headers:
      Server:
      - Cowboy
      Date:
      - Mon, 09 Jan 2023 17:32:43 GMT
      Connection:
      - keep-alive
      X-Cascade:
      - pass
      Content-Type:
      - text/html;charset=utf-8
      X-Xss-Protection:
      - 1; mode=block
      X-Content-Type-Options:
      - nosniff
      X-Frame-Options:
      - SAMEORIGIN
      Content-Length:
      - '18'
      Via:
      - 1.1 vegur
    body:
      encoding: UTF-8
      string: "<h1>Not Found</h1>"
  recorded_at: Mon, 09 Jan 2023 17:32:43 GMT
- request:
    method: get
    uri: https://take-home-test-api.herokuapp.com/bogative
    body:
      encoding: US-ASCII
      string: ''
    headers:
      Accept-Encoding:
      - gzip;q=1.0,deflate;q=0.6,identity;q=0.3
      Accept:
      - "*/*"
      User-Agent:
      - Ruby
      Host:
      - take-home-test-api.herokuapp.com
  response:
    status:
      code: 404
      message: Not Found
    headers:
      Server:
      - Cowboy
      Date:
      - Mon, 09 Jan 2023 17:32:44 GMT
      Connection:
      - keep-alive
      X-Cascade:
      - pass
      Content-Type:
      - text/html;charset=utf-8
      X-Xss-Protection:
      - 1; mode=block
      X-Content-Type-Options:
      - nosniff
      X-Frame-Options:
      - SAMEORIGIN
      Content-Length:
      - '18'
      Via:
      - 1.1 vegur
    body:
      encoding: UTF-8
      string: "<h1>Not Found</h1>"
  recorded_at: Mon, 09 Jan 2023 17:32:44 GMT
recorded_with: VCR 6.1.0
